[
  {
    "BufferOffset": 43200,
    "FilePath": "B/DATA/2019-12/calibrated/2019-12-31/2019-12-31_12-00-00.dat",
    "FileSource": null,
    "RegularFileBegin": "2019-12-31T12:00:00Z",
    "FileOffset": 0,
    "FileBlock": 600,
    "FileLength": 600
  },
  {
    "BufferOffset": 172800,
    "FilePath": "B/DATA/2020-01/calibrated/2020-01-02/2020-01-02_00-00-00.dat",
    "FileSource": null,
    "RegularFileBegin": "2020-01-02T00:00:00Z",
    "FileOffset": 0,
    "FileBlock": 600,
    "FileLength": 600
  },
  {
    "BufferOffset": 173400,
    "FilePath": "B/DATA/2020-01/calibrated/2020-01-02/2020-01-02_00-10-00.dat",
    "FileSource": null,
    "RegularFileBegin": "2020-01-02T00:10:00Z",
    "FileOffset": 0,
    "FileBlock": 600,
    "FileLength": 600
  }
]