[
  {
    "FilePath": "/debug/DATABASES/F/DATA/2019-12/20191231_12_x_0000.dat",
    "FileSource": null,
    "RegularFileBegin": "2019-12-31T12:00:00Z",
    "FileOffset": 0,
    "FileBlock": 3600,
    "FileLength": 3600
  },
  {
    "FilePath": "/debug/DATABASES/F/DATA/2020-01/20200102_00_x_0001.dat",
    "FileSource": null,
    "RegularFileBegin": "2020-01-02T00:00:00Z",
    "FileOffset": 0,
    "FileBlock": 3600,
    "FileLength": 3600
  },
  {
    "FilePath": "/debug/DATABASES/F/DATA/2020-01/20200102_01_x_0002.dat",
    "FileSource": null,
    "RegularFileBegin": "2020-01-02T01:00:00Z",
    "FileOffset": 0,
    "FileBlock": 3600,
    "FileLength": 3600
  }
]