[
  {
    "FilePath": "/debug/DATABASES/I/DATA/2019-12-31_23-55-00/data.dat",
    "FileSource": null,
    "RegularFileBegin": "2019-12-31T23:55:00Z",
    "FileOffset": 0,
    "FileBlock": 300,
    "FileLength": 300
  },
  {
    "FilePath": "/debug/DATABASES/I/DATA/2020-01-01_00-10-00/data.dat",
    "FileSource": null,
    "RegularFileBegin": "2020-01-01T00:10:00Z",
    "FileOffset": 0,
    "FileBlock": 300,
    "FileLength": 300
  }
]