[
  {
    "BufferOffset": 0,
    "FilePath": "/debug/DATABASES/K/DATA/2020-01-01T00-00-00Z.dat",
    "FileSource": null,
    "RegularFileBegin": "2020-01-01T00:00:00Z",
    "FileOffset": 0,
    "FileBlock": 86400,
    "FileLength": 86400
  }
]