[
  {
    "BufferOffset": 0,
    "FilePath": "L/DATA/2020-01-01T00-00-00Z_V1.dat",
    "FileSource": null,
    "RegularFileBegin": "2020-01-01T00:00:00Z",
    "FileOffset": 0,
    "FileBlock": 86400,
    "FileLength": 86400
  },
  {
    "BufferOffset": 86400,
    "FilePath": "L/DATA/2020-01-02T00-00-00Z_V1.dat",
    "FileSource": null,
    "RegularFileBegin": "2020-01-02T00:00:00Z",
    "FileOffset": 0,
    "FileBlock": 86400,
    "FileLength": 86400
  },
  {
    "BufferOffset": 86400,
    "FilePath": "L/DATA/2020-01-02T00-00-00Z_V2.dat",
    "FileSource": null,
    "RegularFileBegin": "2020-01-02T00:00:00Z",
    "FileOffset": 0,
    "FileBlock": 86400,
    "FileLength": 86400
  },
  {
    "BufferOffset": 172800,
    "FilePath": "L/DATA/2020-01-03T00-00-00Z_V2.dat",
    "FileSource": null,
    "RegularFileBegin": "2020-01-03T00:00:00Z",
    "FileOffset": 0,
    "FileBlock": 86400,
    "FileLength": 86400
  }
]