[
  {
    "FilePath": "/debug/DATABASES/N/DATA/2020-01-01/12-00-00.dat",
    "FileSource": null,
    "RegularFileBegin": "2020-01-01T00:00:00Z",
    "FileOffset": 0,
    "FileBlock": 21600,
    "FileLength": 21600
  },
  {
    "FilePath": "/debug/DATABASES/N/DATA/2020-01-01/18-00-00.dat",
    "FileSource": null,
    "RegularFileBegin": "2020-01-01T06:00:00Z",
    "FileOffset": 0,
    "FileBlock": 21600,
    "FileLength": 21600
  },
  {
    "FilePath": "/debug/DATABASES/N/DATA/2020-01-02/00-00-00.dat",
    "FileSource": null,
    "RegularFileBegin": "2020-01-01T12:00:00Z",
    "FileOffset": 0,
    "FileBlock": 21600,
    "FileLength": 21600
  },
  {
    "FilePath": "/debug/DATABASES/N/DATA/2020-01-02/06-00-00.dat",
    "FileSource": null,
    "RegularFileBegin": "2020-01-01T18:00:00Z",
    "FileOffset": 0,
    "FileBlock": 21600,
    "FileLength": 21600
  },
  {
    "FilePath": "/debug/DATABASES/N/DATA/2020-01-02/12-00-00.dat",
    "FileSource": null,
    "RegularFileBegin": "2020-01-02T00:00:00Z",
    "FileOffset": 0,
    "FileBlock": 21600,
    "FileLength": 21600
  },
  {
    "FilePath": "/debug/DATABASES/N/DATA/2020-01-02/18-00-00.dat",
    "FileSource": null,
    "RegularFileBegin": "2020-01-02T06:00:00Z",
    "FileOffset": 0,
    "FileBlock": 21600,
    "FileLength": 21600
  },
  {
    "FilePath": "/debug/DATABASES/N/DATA/2020-01-03/06-00-00.dat",
    "FileSource": null,
    "RegularFileBegin": "2020-01-02T18:00:00Z",
    "FileOffset": 0,
    "FileBlock": 21600,
    "FileLength": 21600
  },
  {
    "FilePath": "/debug/DATABASES/N/DATA/2020-01-03/12-00-00.dat",
    "FileSource": null,
    "RegularFileBegin": "2020-01-03T00:00:00Z",
    "FileOffset": 0,
    "FileBlock": 21600,
    "FileLength": 21600
  },
  {
    "FilePath": "/debug/DATABASES/N/DATA/2020-01-03/18-00-00.dat",
    "FileSource": null,
    "RegularFileBegin": "2020-01-03T06:00:00Z",
    "FileOffset": 0,
    "FileBlock": 21600,
    "FileLength": 21600
  }
]