[
  {
    "FilePath": "/debug/DATABASES/O/DATA/2020-01-01T00-35-23Z.dat",
    "FileSource": null,
    "RegularFileBegin": "2020-01-01T00:35:00Z",
    "FileOffset": 0,
    "FileBlock": 277,
    "FileLength": 300
  },
  {
    "FilePath": "/debug/DATABASES/O/DATA/2020-01-01T00-35-23Z.dat",
    "FileSource": null,
    "RegularFileBegin": "2020-01-01T00:40:00Z",
    "FileOffset": 277,
    "FileBlock": 23,
    "FileLength": 300
  },
  {
    "FilePath": "/debug/DATABASES/O/DATA/2020-01-01T00-47-01Z.dat",
    "FileSource": null,
    "RegularFileBegin": "2020-01-01T00:45:00Z",
    "FileOffset": 0,
    "FileBlock": 179,
    "FileLength": 300
  },
  {
    "FilePath": "/debug/DATABASES/O/DATA/2020-01-01T00-47-01Z.dat",
    "FileSource": null,
    "RegularFileBegin": "2020-01-01T00:50:00Z",
    "FileOffset": 179,
    "FileBlock": 121,
    "FileLength": 300
  },
  {
    "FilePath": "/debug/DATABASES/O/DATA/2020-01-01T00-55-00Z.dat",
    "FileSource": null,
    "RegularFileBegin": "2020-01-01T00:55:00Z",
    "FileOffset": 0,
    "FileBlock": 300,
    "FileLength": 300
  }
]