[
  {
    "BufferOffset": 0,
    "FilePath": "O/DATA/2020-01-01T00-35-23Z.dat",
    "FileSource": null,
    "RegularFileBegin": "2020-01-01T00:35:00Z",
    "FileOffset": 0,
    "FileBlock": 1,
    "FileLength": 300
  }
]