[
  {
    "BufferOffset": 0,
    "FilePath": "/debug/DATABASES/P/DATA/2020-01-01T00-10-00Z.dat",
    "FileSource": null,
    "RegularFileBegin": "2020-01-01T00:00:00Z",
    "FileOffset": 0,
    "FileBlock": 600,
    "FileLength": 600
  },
  {
    "BufferOffset": 600,
    "FilePath": "/debug/DATABASES/P/DATA/2020-01-01T00-20-00Z.dat",
    "FileSource": null,
    "RegularFileBegin": "2020-01-01T00:10:00Z",
    "FileOffset": 0,
    "FileBlock": 600,
    "FileLength": 600
  }
]